[devoll.blahlab.com/index.html]
[backblue.gif]
[fade.gif]
[index.html]
[devoll.blahlab.com/javascripts/imagesloaded.pkgd.min.js]
[devoll.blahlab.com/javascripts/json2.js]
[devoll.blahlab.com/feed.xml]
[devoll.blahlab.com/images/logo-bordered.png]
[devoll.blahlab.com/about.html]
[devoll.blahlab.com/services.html]
[devoll.blahlab.com/portfolio.html]
[devoll.blahlab.com/portfolio-item.html]
[devoll.blahlab.com/contact.html]
[devoll.blahlab.com/images/@stock/slide-1.jpg]
[devoll.blahlab.com/blog/index.html]
[devoll.blahlab.com/images/@stock/slide-4.jpg]
[devoll.blahlab.com/images/@stock/slide-5.jpg]
[devoll.blahlab.com/images/@stock/work-1.jpg]
[devoll.blahlab.com/images/@stock/work-2.jpg]
[devoll.blahlab.com/images/@stock/work-4.jpg]
[devoll.blahlab.com/images/@stock/work-6.jpg]
[devoll.blahlab.com/images/@stock/work-7.jpg]
[devoll.blahlab.com/images/@stock/responsive.png]
[devoll.blahlab.com/images/@stock/milestone-bg.jpg]
[devoll.blahlab.com/images/@stock/member-1.jpg]
[devoll.blahlab.com/images/@stock/member-3.jpg]
[devoll.blahlab.com/logo/development/2015/04/14/make-some-sketches.html]
[devoll.blahlab.com/images/@stock/blog-3.jpg]
[devoll.blahlab.com/images/@stock/blog-2.jpg]
[devoll.blahlab.com/images/@stock/blog-1.jpg]
[devoll.blahlab.com/images/@stock/customers-bg.jpg]
[devoll.blahlab.com/images/@stock/client-1.png]
[devoll.blahlab.com/images/@stock/client-3.png]
[devoll.blahlab.com/images/@stock/client-4.png]
[devoll.blahlab.com/images/@stock/client-5.png]
[devoll.blahlab.com/images/logo-grey.png]
[devoll.blahlab.com/jekyll/update/2015/02/10/welcome-to-jekyll.html]
[devoll.blahlab.com/javascripts/jquery.countTo.js]
[devoll.blahlab.com/javascripts/jquery.appear.js]
[devoll.blahlab.com/javascripts/jquery.sequence-min.js]
[devoll.blahlab.com/javascripts/app.js]
[devoll.blahlab.com/index.html]
[devoll.blahlab.com/css/foundation.css]
[devoll.blahlab.com/fonts/steelfish/steelfish_eb-webfont.39d41d.delayed]
[devoll.blahlab.com/fonts/steelfish/steelfish_eb-webfont.woff]
[devoll.blahlab.com/fonts/steelfish/steelfish eb.otf]
[devoll.blahlab.com/fonts/steelfish/steelfish_bd-webfont.eot]
[devoll.blahlab.com/fonts/steelfish/steelfish_bd-webfontd41d.eot]
[devoll.blahlab.com/fonts/steelfish/steelfish_bd-webfont.woff]
[devoll.blahlab.com/fonts/steelfish/steelfish bd.otf]
[devoll.blahlab.com/css/images/ui-bg_flat_75_ffffff_40x100.png]
[devoll.blahlab.com/css/images/ui-bg_highlight-soft_75_cccccc_1x100.png]
[devoll.blahlab.com/css/images/ui-bg_glass_75_e6e6e6_1x400.png]
[devoll.blahlab.com/css/images/ui-bg_glass_75_dadada_1x400.png]
[devoll.blahlab.com/css/images/ui-bg_glass_65_ffffff_1x400.png]
[devoll.blahlab.com/css/images/ui-bg_glass_55_fbf9ee_1x400.png]
[devoll.blahlab.com/css/images/ui-bg_glass_95_fef1ec_1x400.png]
[devoll.blahlab.com/css/images/ui-icons_222222_256x240.png]
[devoll.blahlab.com/css/images/ui-icons_888888_256x240.png]
[devoll.blahlab.com/css/images/ui-icons_454545_256x240.png]
[devoll.blahlab.com/css/images/ui-icons_2e83ff_256x240.png]
[devoll.blahlab.com/css/images/ui-icons_cd0a0a_256x240.png]
[devoll.blahlab.com/css/images/ui-bg_flat_0_aaaaaa_40x100.png]
[devoll.blahlab.com/css/style.css]
[devoll.blahlab.com/fonts/fontello/fontello5d8d.eot]
[devoll.blahlab.com/fonts/fontello/fontello5d8d.woff]
[devoll.blahlab.com/fonts/fontello/fontello5d8d.ttf]
[devoll.blahlab.com/css/fontello.css]
[devoll.blahlab.com/javascripts/masonry.pkgd.js]
[devoll.blahlab.com/index-2.html]
[devoll.blahlab.com/about.html]
[devoll.blahlab.com/images/@stock/service-page-header.jpg]
[devoll.blahlab.com/services.html]
[devoll.blahlab.com/images/@stock/portfolio-header-bg.jpg]
[devoll.blahlab.com/portfolio.html]
[devoll.blahlab.com/images/@stock/big-work-1.jpg]
[devoll.blahlab.com/images/@stock/big-work-2.jpg]
[devoll.blahlab.com/portfolio-item.html]
[devoll.blahlab.com/images/@stock/contact-header-bg.jpg]
[devoll.blahlab.com/contact.html]
[devoll.blahlab.com/images/@stock/blog-header-bg.jpg]
[devoll.blahlab.com/blog/page2.58.delayed]
[devoll.blahlab.com/blog/page2/index.html]
[devoll.blahlab.com/blog/index-2.html]
[devoll.blahlab.com/blog/portfolio.html]
[devoll.blahlab.com/blog/blog.html]
[devoll.blahlab.com/blog/contact.html]
[devoll.blahlab.com/blog/services.html]
[devoll.blahlab.com/blog/index.html]
[devoll.blahlab.com/images/@stock/work-3.jpg]
[devoll.blahlab.com/images/@stock/work-5.jpg]
[devoll.blahlab.com/images/@stock/work-8.jpg]
[devoll.blahlab.com/images/@stock/member-4.jpg]
[devoll.blahlab.com/images/avatar.png]
[devoll.blahlab.com/logo/development/2015/04/14/index.html]
[devoll.blahlab.com/logo/development/2015/04/14/portfolio.html]
[devoll.blahlab.com/logo/development/2015/04/14/blog.html]
[devoll.blahlab.com/logo/development/2015/04/14/contact.html]
[devoll.blahlab.com/logo/development/2015/04/14/services.html]
[devoll.blahlab.com/logo/development/2015/04/14/make-some-sketches.html]
[devoll.blahlab.com/design/bussiness/2015/04/14/a-cup-of-coffee-for-you.html]
[devoll.blahlab.com/design/development/2015/04/14/look-what-we-have-done.html]
[devoll.blahlab.com/images/@stock/client-2.png]
[devoll.blahlab.com/images/@stock/client-6.png]
[devoll.blahlab.com/jekyll/update/2015/02/10/index.html]
[devoll.blahlab.com/jekyll/update/2015/02/10/blog.html]
[devoll.blahlab.com/jekyll/update/2015/02/10/contact.html]
[devoll.blahlab.com/jekyll/update/2015/02/10/services.html]
[devoll.blahlab.com/jekyll/update/2015/02/10/welcome-to-jekyll.html]
[devoll.blahlab.com/javascripts/jquery.validate.js]
[devoll.blahlab.com/javascripts/jquery.easing.1.3.js]
[devoll.blahlab.com/fonts/steelfish/steelfish_eb-webfontd41d.html]
[devoll.blahlab.com/fonts/steelfish/steelfish_eb-webfont.html]
[devoll.blahlab.com/fonts/steelfish/steelfish eb.html]
[devoll.blahlab.com/fonts/steelfish/steelfish_bd-webfont.html]
[devoll.blahlab.com/fonts/steelfish/steelfish_bd-webfontd41d.html]
[devoll.blahlab.com/fonts/steelfish/steelfish_bd-webfont-2.html]
[devoll.blahlab.com/fonts/steelfish/steelfish bd.html]
[devoll.blahlab.com/css/images/ui-bg_flat_75_ffffff_40x100.html]
[devoll.blahlab.com/css/images/ui-bg_highlight-soft_75_cccccc_1x100.html]
[devoll.blahlab.com/css/images/ui-bg_glass_75_e6e6e6_1x400.html]
[devoll.blahlab.com/css/images/ui-bg_glass_75_dadada_1x400.html]
[devoll.blahlab.com/css/images/ui-bg_glass_65_ffffff_1x400.html]
[devoll.blahlab.com/css/images/ui-bg_glass_55_fbf9ee_1x400.html]
[devoll.blahlab.com/css/images/ui-bg_glass_95_fef1ec_1x400.html]
[devoll.blahlab.com/css/images/ui-icons_222222_256x240.html]
[devoll.blahlab.com/css/images/ui-icons_888888_256x240.html]
[devoll.blahlab.com/css/images/ui-icons_454545_256x240.html]
[devoll.blahlab.com/css/images/ui-icons_2e83ff_256x240.html]
[devoll.blahlab.com/css/images/ui-icons_cd0a0a_256x240.html]
[devoll.blahlab.com/css/images/ui-bg_flat_0_aaaaaa_40x100.html]
[devoll.blahlab.com/fonts/fontello/fontello5d8d.html]
[devoll.blahlab.com/fonts/fontello/fontello5d8d.svg]
[devoll.blahlab.com/fonts/font-awesome/fontawesome-webfont.eot]
[devoll.blahlab.com/fonts/font-awesome/fontawesome-webfontd41d.eot]
[devoll.blahlab.com/fonts/font-awesome/fontawesome-webfont.ttf]
[devoll.blahlab.com/css/font-awesome.css]
[devoll.blahlab.com/javascripts/libs.js]
[devoll.blahlab.com/index-2.html]
[devoll.blahlab.com/images/@stock/about-us.jpg]
[devoll.blahlab.com/blog.6d.delayed]
[devoll.blahlab.com/blog/page2/index-2.html]
[devoll.blahlab.com/blog/page2/portfolio.html]
[devoll.blahlab.com/blog/page2/blog.html]
[devoll.blahlab.com/blog/page2/contact.html]
[devoll.blahlab.com/blog/page2/services.html]
[devoll.blahlab.com/blog/page2/index.html]
[devoll.blahlab.com/blog/index-2.html]
[devoll.blahlab.com/blog/portfolio.html]
[devoll.blahlab.com/blog/blog.html]
[devoll.blahlab.com/blog/contact.html]
[devoll.blahlab.com/blog/services.html]
[devoll.blahlab.com/logo/development/2015/04/14/index.html]
[devoll.blahlab.com/logo/development/2015/04/14/portfolio.html]
[devoll.blahlab.com/logo/development/2015/04/14/blog.html]
[devoll.blahlab.com/logo/development/2015/04/14/contact.html]
[devoll.blahlab.com/logo/development/2015/04/14/services.html]
[devoll.blahlab.com/images/@stock/member-2.jpg]
[devoll.blahlab.com/design/bussiness/2015/04/14/index.73.delayed]
[devoll.blahlab.com/design/bussiness/2015/04/14/portfolio.html]
[devoll.blahlab.com/design/bussiness/2015/04/14/blog.html]
[devoll.blahlab.com/design/bussiness/2015/04/14/contact.html]
[devoll.blahlab.com/design/bussiness/2015/04/14/services.html]
[devoll.blahlab.com/design/bussiness/2015/04/14/a-cup-of-coffee-for-you.html]
[devoll.blahlab.com/design/development/2015/04/14/index.html]
[devoll.blahlab.com/design/development/2015/04/14/portfolio.html]
[devoll.blahlab.com/design/development/2015/04/14/blog.html]
[devoll.blahlab.com/design/development/2015/04/14/contact.html]
[devoll.blahlab.com/design/development/2015/04/14/services.html]
[devoll.blahlab.com/design/development/2015/04/14/look-what-we-have-done.html]
[devoll.blahlab.com/jekyll/update/2015/02/10/index.html]
[devoll.blahlab.com/jekyll/update/2015/02/10/blog.html]
[devoll.blahlab.com/jekyll/update/2015/02/10/contact.html]
[devoll.blahlab.com/jekyll/update/2015/02/10/services.html]
[devoll.blahlab.com/fonts/font-awesome/fontawesome-webfont.html]
[devoll.blahlab.com/blog.html]
[devoll.blahlab.com/fonts/font-awesome/fontawesome-webfont.svg]
[devoll.blahlab.com/javascripts/slick.min.js]
[devoll.blahlab.com/blog/page2/index-2.html]
[devoll.blahlab.com/blog/page2/portfolio.html]
[devoll.blahlab.com/blog/page2/blog.html]
[devoll.blahlab.com/blog/page2/contact.html]
[devoll.blahlab.com/blog/page2/services.html]
[devoll.blahlab.com/design/bussiness/2015/04/14/index.html]
[devoll.blahlab.com/design/bussiness/2015/04/14/portfolio.html]
[devoll.blahlab.com/design/bussiness/2015/04/14/blog.html]
[devoll.blahlab.com/design/bussiness/2015/04/14/contact.html]
[devoll.blahlab.com/design/bussiness/2015/04/14/services.html]
[devoll.blahlab.com/design/development/2015/04/14/index.html]
[devoll.blahlab.com/design/development/2015/04/14/portfolio.html]
[devoll.blahlab.com/design/development/2015/04/14/blog.html]
[devoll.blahlab.com/design/development/2015/04/14/contact.html]
[devoll.blahlab.com/design/development/2015/04/14/services.html]
[devoll.blahlab.com/blog.html]
[devoll.blahlab.com/fonts/font-awesome/fontawesome-webfont.woff]
[devoll.blahlab.com/fonts/steelfish/steelfish_eb-webfont.eot]
[devoll.blahlab.com/fonts/steelfish/steelfish_eb-webfont.eot]
[devoll.blahlab.com/jekyll/update/2015/02/10/portfolio.html]
[devoll.blahlab.com/jekyll/update/2015/02/10/portfolio.html]
